match case: nil
mismatch case: (nil oid "foo" "foobar")
